Archive member included to satisfy reference by file (symbol)

c:/program files (x86)/gnu tools arm embedded/5.4 2016q3/bin/../lib/gcc/arm-none-eabi/5.4.1/armv7-m\libgcc.a(_arm_addsubdf3.o)
                              ..\obj\spi_prog.o (__aeabi_f2d)
c:/program files (x86)/gnu tools arm embedded/5.4 2016q3/bin/../lib/gcc/arm-none-eabi/5.4.1/armv7-m\libgcc.a(_arm_muldivdf3.o)
                              ..\obj\spi_prog.o (__aeabi_dmul)
c:/program files (x86)/gnu tools arm embedded/5.4 2016q3/bin/../lib/gcc/arm-none-eabi/5.4.1/armv7-m\libgcc.a(_arm_truncdfsf2.o)
                              ..\obj\spi_prog.o (__aeabi_d2f)
c:/program files (x86)/gnu tools arm embedded/5.4 2016q3/bin/../lib/gcc/arm-none-eabi/5.4.1/armv7-m\libgcc.a(_arm_addsubsf3.o)
                              ..\obj\spi_prog.o (__aeabi_ui2f)

Allocating common symbols
Common symbol       size              file

rx_buff             0x4               ..\obj\system_init.o
buff                0x4               ..\obj\spi_prog.o
tx_buff             0x4               ..\obj\system_init.o

Discarded input sections

 .text          0x00000000        0x0 ..\obj\spi_prog.o
 .data          0x00000000        0x0 ..\obj\spi_prog.o
 .bss           0x00000000        0x1 ..\obj\spi_prog.o
 COMMON         0x00000000        0x4 ..\obj\spi_prog.o
 .text          0x00000000        0x0 ..\obj\stm32f10x_tim.o
 .data          0x00000000        0x0 ..\obj\stm32f10x_tim.o
 .bss           0x00000000        0x0 ..\obj\stm32f10x_tim.o
 .text.TIM_DeInit
                0x00000000      0x22c ..\obj\stm32f10x_tim.o
 .text.TIM_OC1Init
                0x00000000      0x118 ..\obj\stm32f10x_tim.o
 .text.TIM_OC2Init
                0x00000000      0x110 ..\obj\stm32f10x_tim.o
 .text.TIM_OC3Init
                0x00000000      0x10c ..\obj\stm32f10x_tim.o
 .text.TIM_OC4Init
                0x00000000       0xd0 ..\obj\stm32f10x_tim.o
 .text.TIM_ICInit
                0x00000000       0xa8 ..\obj\stm32f10x_tim.o
 .text.TIM_PWMIConfig
                0x00000000       0xb8 ..\obj\stm32f10x_tim.o
 .text.TIM_BDTRConfig
                0x00000000       0x50 ..\obj\stm32f10x_tim.o
 .text.TIM_TimeBaseStructInit
                0x00000000       0x34 ..\obj\stm32f10x_tim.o
 .text.TIM_OCStructInit
                0x00000000       0x44 ..\obj\stm32f10x_tim.o
 .text.TIM_ICStructInit
                0x00000000       0x30 ..\obj\stm32f10x_tim.o
 .text.TIM_BDTRStructInit
                0x00000000       0x3c ..\obj\stm32f10x_tim.o
 .text.TIM_Cmd  0x00000000       0x40 ..\obj\stm32f10x_tim.o
 .text.TIM_CtrlPWMOutputs
                0x00000000       0x4c ..\obj\stm32f10x_tim.o
 .text.TIM_ITConfig
                0x00000000       0x48 ..\obj\stm32f10x_tim.o
 .text.TIM_GenerateEvent
                0x00000000       0x1c ..\obj\stm32f10x_tim.o
 .text.TIM_DMAConfig
                0x00000000       0x28 ..\obj\stm32f10x_tim.o
 .text.TIM_DMACmd
                0x00000000       0x48 ..\obj\stm32f10x_tim.o
 .text.TIM_InternalClockConfig
                0x00000000       0x24 ..\obj\stm32f10x_tim.o
 .text.TIM_ITRxExternalClockConfig
                0x00000000       0x30 ..\obj\stm32f10x_tim.o
 .text.TIM_TIxExternalClockConfig
                0x00000000       0x5c ..\obj\stm32f10x_tim.o
 .text.TIM_ETRClockMode1Config
                0x00000000       0x60 ..\obj\stm32f10x_tim.o
 .text.TIM_ETRClockMode2Config
                0x00000000       0x40 ..\obj\stm32f10x_tim.o
 .text.TIM_ETRConfig
                0x00000000       0x54 ..\obj\stm32f10x_tim.o
 .text.TIM_PrescalerConfig
                0x00000000       0x28 ..\obj\stm32f10x_tim.o
 .text.TIM_CounterModeConfig
                0x00000000       0x38 ..\obj\stm32f10x_tim.o
 .text.TIM_SelectInputTrigger
                0x00000000       0x38 ..\obj\stm32f10x_tim.o
 .text.TIM_EncoderInterfaceConfig
                0x00000000       0x98 ..\obj\stm32f10x_tim.o
 .text.TIM_ForcedOC1Config
                0x00000000       0x38 ..\obj\stm32f10x_tim.o
 .text.TIM_ForcedOC2Config
                0x00000000       0x3c ..\obj\stm32f10x_tim.o
 .text.TIM_ForcedOC3Config
                0x00000000       0x38 ..\obj\stm32f10x_tim.o
 .text.TIM_ForcedOC4Config
                0x00000000       0x3c ..\obj\stm32f10x_tim.o
 .text.TIM_ARRPreloadConfig
                0x00000000       0x40 ..\obj\stm32f10x_tim.o
 .text.TIM_SelectCOM
                0x00000000       0x40 ..\obj\stm32f10x_tim.o
 .text.TIM_SelectCCDMA
                0x00000000       0x40 ..\obj\stm32f10x_tim.o
 .text.TIM_CCPreloadControl
                0x00000000       0x40 ..\obj\stm32f10x_tim.o
 .text.TIM_OC1PreloadConfig
                0x00000000       0x38 ..\obj\stm32f10x_tim.o
 .text.TIM_OC2PreloadConfig
                0x00000000       0x3c ..\obj\stm32f10x_tim.o
 .text.TIM_OC3PreloadConfig
                0x00000000       0x38 ..\obj\stm32f10x_tim.o
 .text.TIM_OC4PreloadConfig
                0x00000000       0x3c ..\obj\stm32f10x_tim.o
 .text.TIM_OC1FastConfig
                0x00000000       0x38 ..\obj\stm32f10x_tim.o
 .text.TIM_OC2FastConfig
                0x00000000       0x3c ..\obj\stm32f10x_tim.o
 .text.TIM_OC3FastConfig
                0x00000000       0x38 ..\obj\stm32f10x_tim.o
 .text.TIM_OC4FastConfig
                0x00000000       0x3c ..\obj\stm32f10x_tim.o
 .text.TIM_ClearOC1Ref
                0x00000000       0x38 ..\obj\stm32f10x_tim.o
 .text.TIM_ClearOC2Ref
                0x00000000       0x3c ..\obj\stm32f10x_tim.o
 .text.TIM_ClearOC3Ref
                0x00000000       0x38 ..\obj\stm32f10x_tim.o
 .text.TIM_ClearOC4Ref
                0x00000000       0x3c ..\obj\stm32f10x_tim.o
 .text.TIM_OC1PolarityConfig
                0x00000000       0x38 ..\obj\stm32f10x_tim.o
 .text.TIM_OC1NPolarityConfig
                0x00000000       0x38 ..\obj\stm32f10x_tim.o
 .text.TIM_OC2PolarityConfig
                0x00000000       0x3c ..\obj\stm32f10x_tim.o
 .text.TIM_OC2NPolarityConfig
                0x00000000       0x3c ..\obj\stm32f10x_tim.o
 .text.TIM_OC3PolarityConfig
                0x00000000       0x3c ..\obj\stm32f10x_tim.o
 .text.TIM_OC3NPolarityConfig
                0x00000000       0x3c ..\obj\stm32f10x_tim.o
 .text.TIM_OC4PolarityConfig
                0x00000000       0x3c ..\obj\stm32f10x_tim.o
 .text.TIM_CCxCmd
                0x00000000       0x54 ..\obj\stm32f10x_tim.o
 .text.TIM_CCxNCmd
                0x00000000       0x54 ..\obj\stm32f10x_tim.o
 .text.TIM_SelectOCxM
                0x00000000       0xac ..\obj\stm32f10x_tim.o
 .text.TIM_UpdateDisableConfig
                0x00000000       0x40 ..\obj\stm32f10x_tim.o
 .text.TIM_UpdateRequestConfig
                0x00000000       0x40 ..\obj\stm32f10x_tim.o
 .text.TIM_SelectHallSensor
                0x00000000       0x40 ..\obj\stm32f10x_tim.o
 .text.TIM_SelectOnePulseMode
                0x00000000       0x38 ..\obj\stm32f10x_tim.o
 .text.TIM_SelectOutputTrigger
                0x00000000       0x38 ..\obj\stm32f10x_tim.o
 .text.TIM_SelectSlaveMode
                0x00000000       0x38 ..\obj\stm32f10x_tim.o
 .text.TIM_SelectMasterSlaveMode
                0x00000000       0x38 ..\obj\stm32f10x_tim.o
 .text.TIM_SetCounter
                0x00000000       0x1c ..\obj\stm32f10x_tim.o
 .text.TIM_SetAutoreload
                0x00000000       0x1c ..\obj\stm32f10x_tim.o
 .text.TIM_SetCompare1
                0x00000000       0x1c ..\obj\stm32f10x_tim.o
 .text.TIM_SetCompare2
                0x00000000       0x1c ..\obj\stm32f10x_tim.o
 .text.TIM_SetCompare3
                0x00000000       0x1c ..\obj\stm32f10x_tim.o
 .text.TIM_SetCompare4
                0x00000000       0x20 ..\obj\stm32f10x_tim.o
 .text.TIM_SetIC1Prescaler
                0x00000000       0x38 ..\obj\stm32f10x_tim.o
 .text.TIM_SetIC2Prescaler
                0x00000000       0x3c ..\obj\stm32f10x_tim.o
 .text.TIM_SetIC3Prescaler
                0x00000000       0x38 ..\obj\stm32f10x_tim.o
 .text.TIM_SetIC4Prescaler
                0x00000000       0x3c ..\obj\stm32f10x_tim.o
 .text.TIM_SetClockDivision
                0x00000000       0x38 ..\obj\stm32f10x_tim.o
 .text.TIM_GetCapture1
                0x00000000       0x18 ..\obj\stm32f10x_tim.o
 .text.TIM_GetCapture2
                0x00000000       0x18 ..\obj\stm32f10x_tim.o
 .text.TIM_GetCapture3
                0x00000000       0x18 ..\obj\stm32f10x_tim.o
 .text.TIM_GetCapture4
                0x00000000       0x1c ..\obj\stm32f10x_tim.o
 .text.TIM_GetCounter
                0x00000000       0x18 ..\obj\stm32f10x_tim.o
 .text.TIM_GetPrescaler
                0x00000000       0x18 ..\obj\stm32f10x_tim.o
 .text.TIM_GetFlagStatus
                0x00000000       0x38 ..\obj\stm32f10x_tim.o
 .text.TIM_ClearFlag
                0x00000000       0x20 ..\obj\stm32f10x_tim.o
 .text.TIM_GetITStatus
                0x00000000       0x54 ..\obj\stm32f10x_tim.o
 .text.TIM_ClearITPendingBit
                0x00000000       0x20 ..\obj\stm32f10x_tim.o
 .text.TI1_Config
                0x00000000       0xe0 ..\obj\stm32f10x_tim.o
 .text.TI2_Config
                0x00000000       0xf4 ..\obj\stm32f10x_tim.o
 .text.TI3_Config
                0x00000000       0xec ..\obj\stm32f10x_tim.o
 .text.TI4_Config
                0x00000000       0xf8 ..\obj\stm32f10x_tim.o
 .text          0x00000000        0x0 ..\obj\system_stm32f10x.o
 .data          0x00000000       0x14 ..\obj\system_stm32f10x.o
 .bss           0x00000000        0x0 ..\obj\system_stm32f10x.o
 .text.SystemCoreClockUpdate
                0x00000000      0x140 ..\obj\system_stm32f10x.o
 .text          0x00000000        0x0 ..\obj\stm32f10x_gpio.o
 .data          0x00000000        0x0 ..\obj\stm32f10x_gpio.o
 .bss           0x00000000        0x0 ..\obj\stm32f10x_gpio.o
 .text.GPIO_DeInit
                0x00000000       0xe4 ..\obj\stm32f10x_gpio.o
 .text.GPIO_AFIODeInit
                0x00000000       0x18 ..\obj\stm32f10x_gpio.o
 .text.GPIO_StructInit
                0x00000000       0x28 ..\obj\stm32f10x_gpio.o
 .text.GPIO_ReadInputData
                0x00000000       0x18 ..\obj\stm32f10x_gpio.o
 .text.GPIO_ReadOutputDataBit
                0x00000000       0x34 ..\obj\stm32f10x_gpio.o
 .text.GPIO_ReadOutputData
                0x00000000       0x18 ..\obj\stm32f10x_gpio.o
 .text.GPIO_WriteBit
                0x00000000       0x30 ..\obj\stm32f10x_gpio.o
 .text.GPIO_Write
                0x00000000       0x1c ..\obj\stm32f10x_gpio.o
 .text.GPIO_PinLockConfig
                0x00000000       0x44 ..\obj\stm32f10x_gpio.o
 .text.GPIO_EventOutputConfig
                0x00000000       0x4c ..\obj\stm32f10x_gpio.o
 .text.GPIO_EventOutputCmd
                0x00000000       0x20 ..\obj\stm32f10x_gpio.o
 .text.GPIO_PinRemapConfig
                0x00000000       0xe0 ..\obj\stm32f10x_gpio.o
 .text.GPIO_EXTILineConfig
                0x00000000       0x84 ..\obj\stm32f10x_gpio.o
 .text.GPIO_ETH_MediaInterfaceConfig
                0x00000000       0x1c ..\obj\stm32f10x_gpio.o
 .text          0x00000000        0x0 ..\obj\system_init.o
 .data          0x00000000        0x0 ..\obj\system_init.o
 .bss           0x00000000        0x0 ..\obj\system_init.o
 COMMON         0x00000000        0x8 ..\obj\system_init.o
 .text          0x00000000        0x0 ..\obj\main.o
 .data          0x00000000        0x0 ..\obj\main.o
 .bss           0x00000000        0x0 ..\obj\main.o
 .text          0x00000000        0x0 ..\obj\stm32f10x_rcc.o
 .data          0x00000000       0x14 ..\obj\stm32f10x_rcc.o
 .bss           0x00000000        0x0 ..\obj\stm32f10x_rcc.o
 .text.RCC_DeInit
                0x00000000       0x70 ..\obj\stm32f10x_rcc.o
 .text.RCC_HSEConfig
                0x00000000       0x5c ..\obj\stm32f10x_rcc.o
 .text.RCC_WaitForHSEStartUp
                0x00000000       0x50 ..\obj\stm32f10x_rcc.o
 .text.RCC_AdjustHSICalibrationValue
                0x00000000       0x3c ..\obj\stm32f10x_rcc.o
 .text.RCC_HSICmd
                0x00000000       0x20 ..\obj\stm32f10x_rcc.o
 .text.RCC_PLLConfig
                0x00000000       0x3c ..\obj\stm32f10x_rcc.o
 .text.RCC_PLLCmd
                0x00000000       0x20 ..\obj\stm32f10x_rcc.o
 .text.RCC_PREDIV1Config
                0x00000000       0x40 ..\obj\stm32f10x_rcc.o
 .text.RCC_PREDIV2Config
                0x00000000       0x38 ..\obj\stm32f10x_rcc.o
 .text.RCC_PLL2Config
                0x00000000       0x38 ..\obj\stm32f10x_rcc.o
 .text.RCC_PLL2Cmd
                0x00000000       0x20 ..\obj\stm32f10x_rcc.o
 .text.RCC_PLL3Config
                0x00000000       0x38 ..\obj\stm32f10x_rcc.o
 .text.RCC_PLL3Cmd
                0x00000000       0x20 ..\obj\stm32f10x_rcc.o
 .text.RCC_SYSCLKConfig
                0x00000000       0x38 ..\obj\stm32f10x_rcc.o
 .text.RCC_GetSYSCLKSource
                0x00000000       0x1c ..\obj\stm32f10x_rcc.o
 .text.RCC_HCLKConfig
                0x00000000       0x38 ..\obj\stm32f10x_rcc.o
 .text.RCC_PCLK1Config
                0x00000000       0x38 ..\obj\stm32f10x_rcc.o
 .text.RCC_PCLK2Config
                0x00000000       0x38 ..\obj\stm32f10x_rcc.o
 .text.RCC_ITConfig
                0x00000000       0x4c ..\obj\stm32f10x_rcc.o
 .text.RCC_OTGFSCLKConfig
                0x00000000       0x1c ..\obj\stm32f10x_rcc.o
 .text.RCC_ADCCLKConfig
                0x00000000       0x38 ..\obj\stm32f10x_rcc.o
 .text.RCC_I2S2CLKConfig
                0x00000000       0x1c ..\obj\stm32f10x_rcc.o
 .text.RCC_I2S3CLKConfig
                0x00000000       0x1c ..\obj\stm32f10x_rcc.o
 .text.RCC_LSEConfig
                0x00000000       0x40 ..\obj\stm32f10x_rcc.o
 .text.RCC_LSICmd
                0x00000000       0x20 ..\obj\stm32f10x_rcc.o
 .text.RCC_RTCCLKConfig
                0x00000000       0x24 ..\obj\stm32f10x_rcc.o
 .text.RCC_RTCCLKCmd
                0x00000000       0x20 ..\obj\stm32f10x_rcc.o
 .text.RCC_GetClocksFreq
                0x00000000      0x1c8 ..\obj\stm32f10x_rcc.o
 .text.RCC_AHBPeriphClockCmd
                0x00000000       0x3c ..\obj\stm32f10x_rcc.o
 .text.RCC_AHBPeriphResetCmd
                0x00000000       0x3c ..\obj\stm32f10x_rcc.o
 .text.RCC_APB2PeriphResetCmd
                0x00000000       0x3c ..\obj\stm32f10x_rcc.o
 .text.RCC_APB1PeriphResetCmd
                0x00000000       0x3c ..\obj\stm32f10x_rcc.o
 .text.RCC_BackupResetCmd
                0x00000000       0x20 ..\obj\stm32f10x_rcc.o
 .text.RCC_ClockSecuritySystemCmd
                0x00000000       0x20 ..\obj\stm32f10x_rcc.o
 .text.RCC_MCOConfig
                0x00000000       0x20 ..\obj\stm32f10x_rcc.o
 .text.RCC_GetFlagStatus
                0x00000000       0x74 ..\obj\stm32f10x_rcc.o
 .text.RCC_ClearFlag
                0x00000000       0x1c ..\obj\stm32f10x_rcc.o
 .text.RCC_GetITStatus
                0x00000000       0x34 ..\obj\stm32f10x_rcc.o
 .text.RCC_ClearITPendingBit
                0x00000000       0x20 ..\obj\stm32f10x_rcc.o
 .text          0x00000000        0x0 ..\obj\startup_stm32f10x_cl.o
 .data          0x00000000        0x0 ..\obj\startup_stm32f10x_cl.o
 .bss           0x00000000        0x0 ..\obj\startup_stm32f10x_cl.o
 .text          0x00000000        0x0 ..\obj\stm32f10x_flash.o
 .data          0x00000000        0x0 ..\obj\stm32f10x_flash.o
 .bss           0x00000000        0x0 ..\obj\stm32f10x_flash.o
 .text.FLASH_SetLatency
                0x00000000       0x38 ..\obj\stm32f10x_flash.o
 .text.FLASH_HalfCycleAccessCmd
                0x00000000       0x30 ..\obj\stm32f10x_flash.o
 .text.FLASH_PrefetchBufferCmd
                0x00000000       0x30 ..\obj\stm32f10x_flash.o
 .text.FLASH_Unlock
                0x00000000       0x24 ..\obj\stm32f10x_flash.o
 .text.FLASH_UnlockBank1
                0x00000000       0x24 ..\obj\stm32f10x_flash.o
 .text.FLASH_Lock
                0x00000000       0x1c ..\obj\stm32f10x_flash.o
 .text.FLASH_LockBank1
                0x00000000       0x1c ..\obj\stm32f10x_flash.o
 .text.FLASH_ErasePage
                0x00000000       0x64 ..\obj\stm32f10x_flash.o
 .text.FLASH_EraseAllPages
                0x00000000       0x5c ..\obj\stm32f10x_flash.o
 .text.FLASH_EraseAllBank1Pages
                0x00000000       0x5c ..\obj\stm32f10x_flash.o
 .text.FLASH_EraseOptionBytes
                0x00000000       0xd4 ..\obj\stm32f10x_flash.o
 .text.FLASH_ProgramWord
                0x00000000       0x94 ..\obj\stm32f10x_flash.o
 .text.FLASH_ProgramHalfWord
                0x00000000       0x5c ..\obj\stm32f10x_flash.o
 .text.FLASH_ProgramOptionByteData
                0x00000000       0x78 ..\obj\stm32f10x_flash.o
 .text.FLASH_EnableWriteProtection
                0x00000000      0x118 ..\obj\stm32f10x_flash.o
 .text.FLASH_ReadOutProtection
                0x00000000       0xd4 ..\obj\stm32f10x_flash.o
 .text.FLASH_UserOptionByteConfig
                0x00000000       0x94 ..\obj\stm32f10x_flash.o
 .text.FLASH_GetUserOptionByte
                0x00000000       0x18 ..\obj\stm32f10x_flash.o
 .text.FLASH_GetWriteProtectionOptionByte
                0x00000000       0x14 ..\obj\stm32f10x_flash.o
 .text.FLASH_GetReadOutProtectionStatus
                0x00000000       0x30 ..\obj\stm32f10x_flash.o
 .text.FLASH_GetPrefetchBufferStatus
                0x00000000       0x30 ..\obj\stm32f10x_flash.o
 .text.FLASH_ITConfig
                0x00000000       0x3c ..\obj\stm32f10x_flash.o
 .text.FLASH_GetFlagStatus
                0x00000000       0x50 ..\obj\stm32f10x_flash.o
 .text.FLASH_ClearFlag
                0x00000000       0x1c ..\obj\stm32f10x_flash.o
 .text.FLASH_GetStatus
                0x00000000       0x54 ..\obj\stm32f10x_flash.o
 .text.FLASH_GetBank1Status
                0x00000000       0x54 ..\obj\stm32f10x_flash.o
 .text.FLASH_WaitForLastOperation
                0x00000000       0x44 ..\obj\stm32f10x_flash.o
 .text.FLASH_WaitForLastBank1Operation
                0x00000000       0x44 ..\obj\stm32f10x_flash.o
 .debug_info    0x00000000      0x7bd ..\obj\stm32f10x_flash.o
 .debug_abbrev  0x00000000      0x18f ..\obj\stm32f10x_flash.o
 .debug_aranges
                0x00000000       0xf8 ..\obj\stm32f10x_flash.o
 .debug_ranges  0x00000000       0xe8 ..\obj\stm32f10x_flash.o
 .debug_line    0x00000000      0x50c ..\obj\stm32f10x_flash.o
 .debug_str     0x00000000      0x5ff ..\obj\stm32f10x_flash.o
 .comment       0x00000000       0x6f ..\obj\stm32f10x_flash.o
 .debug_frame   0x00000000      0x410 ..\obj\stm32f10x_flash.o
 .ARM.attributes
                0x00000000       0x33 ..\obj\stm32f10x_flash.o
 .text          0x00000000        0x0 ..\obj\stm32f10x_dma.o
 .data          0x00000000        0x0 ..\obj\stm32f10x_dma.o
 .bss           0x00000000        0x0 ..\obj\stm32f10x_dma.o
 .text.DMA_DeInit
                0x00000000      0x178 ..\obj\stm32f10x_dma.o
 .text.DMA_Init
                0x00000000       0x7c ..\obj\stm32f10x_dma.o
 .text.DMA_StructInit
                0x00000000       0x54 ..\obj\stm32f10x_dma.o
 .text.DMA_Cmd  0x00000000       0x38 ..\obj\stm32f10x_dma.o
 .text.DMA_ITConfig
                0x00000000       0x3c ..\obj\stm32f10x_dma.o
 .text.DMA_SetCurrDataCounter
                0x00000000       0x1c ..\obj\stm32f10x_dma.o
 .text.DMA_GetCurrDataCounter
                0x00000000       0x18 ..\obj\stm32f10x_dma.o
 .text.DMA_GetFlagStatus
                0x00000000       0x50 ..\obj\stm32f10x_dma.o
 .text.DMA_ClearFlag
                0x00000000       0x34 ..\obj\stm32f10x_dma.o
 .text.DMA_GetITStatus
                0x00000000       0x50 ..\obj\stm32f10x_dma.o
 .text.DMA_ClearITPendingBit
                0x00000000       0x34 ..\obj\stm32f10x_dma.o
 .debug_info    0x00000000      0x47b ..\obj\stm32f10x_dma.o
 .debug_abbrev  0x00000000      0x157 ..\obj\stm32f10x_dma.o
 .debug_aranges
                0x00000000       0x70 ..\obj\stm32f10x_dma.o
 .debug_ranges  0x00000000       0x60 ..\obj\stm32f10x_dma.o
 .debug_line    0x00000000      0x378 ..\obj\stm32f10x_dma.o
 .debug_str     0x00000000      0x3ce ..\obj\stm32f10x_dma.o
 .comment       0x00000000       0x6f ..\obj\stm32f10x_dma.o
 .debug_frame   0x00000000      0x1c8 ..\obj\stm32f10x_dma.o
 .ARM.attributes
                0x00000000       0x33 ..\obj\stm32f10x_dma.o
 .text          0x00000000        0x0 ..\obj\misc.o
 .data          0x00000000        0x0 ..\obj\misc.o
 .bss           0x00000000        0x0 ..\obj\misc.o
 .text.NVIC_PriorityGroupConfig
                0x00000000       0x24 ..\obj\misc.o
 .text.NVIC_Init
                0x00000000       0xc4 ..\obj\misc.o
 .text.NVIC_SetVectorTable
                0x00000000       0x2c ..\obj\misc.o
 .text.NVIC_SystemLPConfig
                0x00000000       0x40 ..\obj\misc.o
 .text.SysTick_CLKSourceConfig
                0x00000000       0x38 ..\obj\misc.o
 .debug_info    0x00000000      0x556 ..\obj\misc.o
 .debug_abbrev  0x00000000      0x147 ..\obj\misc.o
 .debug_aranges
                0x00000000       0x40 ..\obj\misc.o
 .debug_ranges  0x00000000       0x30 ..\obj\misc.o
 .debug_line    0x00000000      0x283 ..\obj\misc.o
 .debug_str     0x00000000      0x3d5 ..\obj\misc.o
 .comment       0x00000000       0x6f ..\obj\misc.o
 .debug_frame   0x00000000       0xd8 ..\obj\misc.o
 .ARM.attributes
                0x00000000       0x33 ..\obj\misc.o
 .text          0x00000000        0x0 ..\obj\stm32f10x_spi.o
 .data          0x00000000        0x0 ..\obj\stm32f10x_spi.o
 .bss           0x00000000        0x0 ..\obj\stm32f10x_spi.o
 .text.SPI_I2S_DeInit
                0x00000000       0x74 ..\obj\stm32f10x_spi.o
 .text.I2S_Init
                0x00000000      0x1c8 ..\obj\stm32f10x_spi.o
 .text.SPI_StructInit
                0x00000000       0x48 ..\obj\stm32f10x_spi.o
 .text.I2S_StructInit
                0x00000000       0x38 ..\obj\stm32f10x_spi.o
 .text.I2S_Cmd  0x00000000       0x40 ..\obj\stm32f10x_spi.o
 .text.SPI_I2S_ITConfig
                0x00000000       0x60 ..\obj\stm32f10x_spi.o
 .text.SPI_I2S_DMACmd
                0x00000000       0x48 ..\obj\stm32f10x_spi.o
 .text.SPI_I2S_ReceiveData
                0x00000000       0x18 ..\obj\stm32f10x_spi.o
 .text.SPI_SSOutputCmd
                0x00000000       0x40 ..\obj\stm32f10x_spi.o
 .text.SPI_DataSizeConfig
                0x00000000       0x38 ..\obj\stm32f10x_spi.o
 .text.SPI_TransmitCRC
                0x00000000       0x24 ..\obj\stm32f10x_spi.o
 .text.SPI_CalculateCRC
                0x00000000       0x40 ..\obj\stm32f10x_spi.o
 .text.SPI_GetCRC
                0x00000000       0x30 ..\obj\stm32f10x_spi.o
 .text.SPI_GetCRCPolynomial
                0x00000000       0x18 ..\obj\stm32f10x_spi.o
 .text.SPI_BiDirectionalLineConfig
                0x00000000       0x40 ..\obj\stm32f10x_spi.o
 .text.SPI_I2S_ClearFlag
                0x00000000       0x20 ..\obj\stm32f10x_spi.o
 .text.SPI_I2S_GetITStatus
                0x00000000       0x74 ..\obj\stm32f10x_spi.o
 .text.SPI_I2S_ClearITPendingBit
                0x00000000       0x34 ..\obj\stm32f10x_spi.o
 .data          0x00000000        0x0 c:/program files (x86)/gnu tools arm embedded/5.4 2016q3/bin/../lib/gcc/arm-none-eabi/5.4.1/armv7-m\libgcc.a(_arm_addsubdf3.o)
 .bss           0x00000000        0x0 c:/program files (x86)/gnu tools arm embedded/5.4 2016q3/bin/../lib/gcc/arm-none-eabi/5.4.1/armv7-m\libgcc.a(_arm_addsubdf3.o)
 .data          0x00000000        0x0 c:/program files (x86)/gnu tools arm embedded/5.4 2016q3/bin/../lib/gcc/arm-none-eabi/5.4.1/armv7-m\libgcc.a(_arm_muldivdf3.o)
 .bss           0x00000000        0x0 c:/program files (x86)/gnu tools arm embedded/5.4 2016q3/bin/../lib/gcc/arm-none-eabi/5.4.1/armv7-m\libgcc.a(_arm_muldivdf3.o)
 .data          0x00000000        0x0 c:/program files (x86)/gnu tools arm embedded/5.4 2016q3/bin/../lib/gcc/arm-none-eabi/5.4.1/armv7-m\libgcc.a(_arm_truncdfsf2.o)
 .bss           0x00000000        0x0 c:/program files (x86)/gnu tools arm embedded/5.4 2016q3/bin/../lib/gcc/arm-none-eabi/5.4.1/armv7-m\libgcc.a(_arm_truncdfsf2.o)
 .data          0x00000000        0x0 c:/program files (x86)/gnu tools arm embedded/5.4 2016q3/bin/../lib/gcc/arm-none-eabi/5.4.1/armv7-m\libgcc.a(_arm_addsubsf3.o)
 .bss           0x00000000        0x0 c:/program files (x86)/gnu tools arm embedded/5.4 2016q3/bin/../lib/gcc/arm-none-eabi/5.4.1/armv7-m\libgcc.a(_arm_addsubsf3.o)

Memory Configuration

Name             Origin             Length             Attributes
rom              0x08000000         0x00040000         xr
ram              0x20000000         0x00010000         xrw
*default*        0x00000000         0xffffffff

Linker script and memory map

                0x20010000                _eram = 0x20010000

.text           0x08000000     0x16e8
 *(.isr_vector)
 .isr_vector    0x08000000      0x154 ..\obj\startup_stm32f10x_cl.o
                0x08000000                g_pfnVectors
 *(.text*)
 *fill*         0x08000154        0x4 
 .text.process_program
                0x08000158       0xbc ..\obj\spi_prog.o
                0x08000158                process_program
 .text.ADIS16209_SendData
                0x08000214       0x44 ..\obj\spi_prog.o
                0x08000214                ADIS16209_SendData
 .text.ADIS16209_ReceiveData
                0x08000258       0x3c ..\obj\spi_prog.o
                0x08000258                ADIS16209_ReceiveData
 .text.ReadReg_ADIS16209
                0x08000294      0x110 ..\obj\spi_prog.o
                0x08000294                ReadReg_ADIS16209
 .text.TIM_TimeBaseInit
                0x080003a4       0xf8 ..\obj\stm32f10x_tim.o
                0x080003a4                TIM_TimeBaseInit
 .text.SystemInit
                0x0800049c       0x7c ..\obj\system_stm32f10x.o
                0x0800049c                SystemInit
 .text.SetSysClock
                0x08000518        0xc ..\obj\system_stm32f10x.o
 .text.SetSysClockTo72
                0x08000524      0x138 ..\obj\system_stm32f10x.o
 .text.GPIO_Init
                0x0800065c      0x178 ..\obj\stm32f10x_gpio.o
                0x0800065c                GPIO_Init
 .text.GPIO_ReadInputDataBit
                0x080007d4       0x34 ..\obj\stm32f10x_gpio.o
                0x080007d4                GPIO_ReadInputDataBit
 .text.GPIO_SetBits
                0x08000808       0x1c ..\obj\stm32f10x_gpio.o
                0x08000808                GPIO_SetBits
 .text.GPIO_ResetBits
                0x08000824       0x1c ..\obj\stm32f10x_gpio.o
                0x08000824                GPIO_ResetBits
 .text.init_system
                0x08000840      0x208 ..\obj\system_init.o
                0x08000840                init_system
 .text.main     0x08000a48       0x10 ..\obj\main.o
                0x08000a48                main
 .text.RCC_APB2PeriphClockCmd
                0x08000a58       0x3c ..\obj\stm32f10x_rcc.o
                0x08000a58                RCC_APB2PeriphClockCmd
 .text.RCC_APB1PeriphClockCmd
                0x08000a94       0x3c ..\obj\stm32f10x_rcc.o
                0x08000a94                RCC_APB1PeriphClockCmd
 .text.Default_Reset_Handler
                0x08000ad0       0x60 ..\obj\startup_stm32f10x_cl.o
                0x08000ad0                Default_Reset_Handler
                0x08000ad0                Reset_Handler
 .text.Default_Handler
                0x08000b30        0x8 ..\obj\startup_stm32f10x_cl.o
                0x08000b30                EXTI2_IRQHandler
                0x08000b30                DebugMon_Handler
                0x08000b30                TIM1_CC_IRQHandler
                0x08000b30                HardFault_Handler
                0x08000b30                TIM6_IRQHandler
                0x08000b30                SysTick_Handler
                0x08000b30                PVD_IRQHandler
                0x08000b30                PendSV_Handler
                0x08000b30                NMI_Handler
                0x08000b30                CAN2_RX1_IRQHandler
                0x08000b30                EXTI3_IRQHandler
                0x08000b30                EXTI0_IRQHandler
                0x08000b30                I2C2_EV_IRQHandler
                0x08000b30                CAN1_RX0_IRQHandler
                0x08000b30                UsageFault_Handler
                0x08000b30                CAN2_SCE_IRQHandler
                0x08000b30                ADC1_2_IRQHandler
                0x08000b30                SPI1_IRQHandler
                0x08000b30                TAMPER_IRQHandler
                0x08000b30                CAN2_RX0_IRQHandler
                0x08000b30                DMA2_Channel2_IRQHandler
                0x08000b30                DMA1_Channel4_IRQHandler
                0x08000b30                USART3_IRQHandler
                0x08000b30                RTC_IRQHandler
                0x08000b30                DMA1_Channel7_IRQHandler
                0x08000b30                CAN1_RX1_IRQHandler
                0x08000b30                UART5_IRQHandler
                0x08000b30                TIM4_IRQHandler
                0x08000b30                DMA2_Channel1_IRQHandler
                0x08000b30                I2C1_EV_IRQHandler
                0x08000b30                DMA1_Channel6_IRQHandler
                0x08000b30                UART4_IRQHandler
                0x08000b30                DMA2_Channel4_IRQHandler
                0x08000b30                TIM3_IRQHandler
                0x08000b30                RCC_IRQHandler
                0x08000b30                TIM1_TRG_COM_IRQHandler
                0x08000b30                DMA1_Channel1_IRQHandler
                0x08000b30                EXTI15_10_IRQHandler
                0x08000b30                TIM7_IRQHandler
                0x08000b30                CAN2_TX_IRQHandler
                0x08000b30                TIM5_IRQHandler
                0x08000b30                EXTI9_5_IRQHandler
                0x08000b30                ETH_WKUP_IRQHandler
                0x08000b30                SPI2_IRQHandler
                0x08000b30                MemManage_Handler
                0x08000b30                CAN1_TX_IRQHandler
                0x08000b30                SVC_Handler
                0x08000b30                DMA2_Channel5_IRQHandler
                0x08000b30                DMA1_Channel5_IRQHandler
                0x08000b30                EXTI4_IRQHandler
                0x08000b30                DMA1_Channel3_IRQHandler
                0x08000b30                ETH_IRQHandler
                0x08000b30                TIM1_UP_IRQHandler
                0x08000b30                WWDG_IRQHandler
                0x08000b30                TIM2_IRQHandler
                0x08000b30                OTG_FS_WKUP_IRQHandler
                0x08000b30                TIM1_BRK_IRQHandler
                0x08000b30                EXTI1_IRQHandler
                0x08000b30                RTCAlarm_IRQHandler
                0x08000b30                USART2_IRQHandler
                0x08000b30                I2C2_ER_IRQHandler
                0x08000b30                DMA1_Channel2_IRQHandler
                0x08000b30                CAN1_SCE_IRQHandler
                0x08000b30                FLASH_IRQHandler
                0x08000b30                BusFault_Handler
                0x08000b30                USART1_IRQHandler
                0x08000b30                OTG_FS_IRQHandler
                0x08000b30                SPI3_IRQHandler
                0x08000b30                I2C1_ER_IRQHandler
                0x08000b30                DMA2_Channel3_IRQHandler
 .text.SPI_Init
                0x08000b38       0x88 ..\obj\stm32f10x_spi.o
                0x08000b38                SPI_Init
 .text.SPI_Cmd  0x08000bc0       0x40 ..\obj\stm32f10x_spi.o
                0x08000bc0                SPI_Cmd
 .text.SPI_I2S_SendData
                0x08000c00       0x1c ..\obj\stm32f10x_spi.o
                0x08000c00                SPI_I2S_SendData
 .text.SPI_NSSInternalSoftwareConfig
                0x08000c1c       0x44 ..\obj\stm32f10x_spi.o
                0x08000c1c                SPI_NSSInternalSoftwareConfig
 .text.SPI_I2S_GetFlagStatus
                0x08000c60       0x38 ..\obj\stm32f10x_spi.o
                0x08000c60                SPI_I2S_GetFlagStatus
 .text          0x08000c98      0x370 c:/program files (x86)/gnu tools arm embedded/5.4 2016q3/bin/../lib/gcc/arm-none-eabi/5.4.1/armv7-m\libgcc.a(_arm_addsubdf3.o)
                0x08000c98                __aeabi_drsub
                0x08000ca0                __aeabi_dsub
                0x08000ca0                __subdf3
                0x08000ca4                __aeabi_dadd
                0x08000ca4                __adddf3
                0x08000f1c                __floatunsidf
                0x08000f1c                __aeabi_ui2d
                0x08000f3c                __floatsidf
                0x08000f3c                __aeabi_i2d
                0x08000f60                __aeabi_f2d
                0x08000f60                __extendsfdf2
                0x08000f9c                __floatundidf
                0x08000f9c                __aeabi_ul2d
                0x08000fac                __floatdidf
                0x08000fac                __aeabi_l2d
 .text          0x08001008      0x424 c:/program files (x86)/gnu tools arm embedded/5.4 2016q3/bin/../lib/gcc/arm-none-eabi/5.4.1/armv7-m\libgcc.a(_arm_muldivdf3.o)
                0x08001008                __aeabi_dmul
                0x08001008                __muldf3
                0x0800125c                __divdf3
                0x0800125c                __aeabi_ddiv
 .text          0x0800142c       0xa0 c:/program files (x86)/gnu tools arm embedded/5.4 2016q3/bin/../lib/gcc/arm-none-eabi/5.4.1/armv7-m\libgcc.a(_arm_truncdfsf2.o)
                0x0800142c                __truncdfsf2
                0x0800142c                __aeabi_d2f
 .text          0x080014cc      0x21c c:/program files (x86)/gnu tools arm embedded/5.4 2016q3/bin/../lib/gcc/arm-none-eabi/5.4.1/armv7-m\libgcc.a(_arm_addsubsf3.o)
                0x080014cc                __aeabi_frsub
                0x080014d4                __subsf3
                0x080014d4                __aeabi_fsub
                0x080014d8                __aeabi_fadd
                0x080014d8                __addsf3
                0x08001638                __aeabi_ui2f
                0x08001638                __floatunsisf
                0x08001640                __aeabi_i2f
                0x08001640                __floatsisf
                0x0800165c                __aeabi_ul2f
                0x0800165c                __floatundisf
                0x0800166c                __aeabi_l2f
                0x0800166c                __floatdisf
 *(.init)
 *(.fini)
 *crtbegin.o(.ctors)
 *crtbegin?.o(.ctors)
 *(EXCLUDE_FILE(*crtend.o *crtend?.o) .ctors)
 *(SORT(.ctors.*))
 *(.ctors)
 *crtbegin.o(.dtors)
 *crtbegin?.o(.dtors)
 *(EXCLUDE_FILE(*crtend.o *crtend?.o) .dtors)
 *(SORT(.dtors.*))
 *(.dtors)
 *(.rodata*)
 *(.eh_fram e*)

.glue_7         0x080016e8        0x0
 .glue_7        0x080016e8        0x0 linker stubs

.glue_7t        0x080016e8        0x0
 .glue_7t       0x080016e8        0x0 linker stubs

.vfp11_veneer   0x080016e8        0x0
 .vfp11_veneer  0x080016e8        0x0 linker stubs

.v4_bx          0x080016e8        0x0
 .v4_bx         0x080016e8        0x0 linker stubs

.iplt           0x080016e8        0x0
 .iplt          0x080016e8        0x0 ..\obj\spi_prog.o

.rel.dyn        0x080016e8        0x0
 .rel.iplt      0x080016e8        0x0 ..\obj\spi_prog.o

.ARM.extab
 *(.ARM.extab* .gnu.linkonce.armextab.*)
                0x080016e8                __exidx_start = .

.ARM.exidx
 *(.ARM.exidx* .gnu.linkonce.armexidx.*)
                0x080016e8                __exidx_end = .
                0x080016e8                __etext = .
                0x080016e8                _sidata = __etext

.data           0x20000000        0x0 load address 0x080016e8
                0x20000000                __data_start__ = .
                0x20000000                _sdata = __data_start__
 *(vtable)
 *(.data*)
                0x20000000                . = ALIGN (0x4)
                [!provide]                PROVIDE (__preinit_array_start, .)
 *(.preinit_array)
                [!provide]                PROVIDE (__preinit_array_end, .)
                0x20000000                . = ALIGN (0x4)
                [!provide]                PROVIDE (__init_array_start, .)
 *(SORT(.init_array.*))
 *(.init_array)
                [!provide]                PROVIDE (__init_array_end, .)
                0x20000000                . = ALIGN (0x4)
                [!provide]                PROVIDE (__fini_array_start, .)
 *(SORT(.fini_array.*))
 *(.fini_array)
                [!provide]                PROVIDE (__fini_array_end, .)
 *(.jcr*)
                0x20000000                . = ALIGN (0x4)
                0x20000000                __data_end__ = .
                0x20000000                _edata = __data_end__

.igot.plt       0x20000000        0x0
 .igot.plt      0x20000000        0x0 ..\obj\spi_prog.o

.bss            0x20000000        0x0
                0x20000000                . = ALIGN (0x4)
                0x20000000                __bss_start__ = .
                0x20000000                _sbss = __bss_start__
 *(.bss*)
 *(COMMON)
                0x20000000                . = ALIGN (0x4)
                0x20000000                __bss_end__ = .
                0x20000000                _ebss = __bss_end__

.heap           0x20000000        0x0
                0x20000000                __end__ = .
                0x20000000                _end = __end__
                0x20000000                end = __end__
 *(.heap*)
                0x20000000                __HeapLimit = .

.co_stack       0x20000000      0x400
                0x20000000                . = ALIGN (0x8)
 *(.co_stack .co_stack.*)
 .co_stack      0x20000000      0x400 ..\obj\startup_stm32f10x_cl.o
                0x20000000                pulStack
                0x20010000                __StackTop = (ORIGIN (ram) + LENGTH (ram))
                0x2000fc00                __StackLimit = (__StackTop - SIZEOF (.co_stack))
                [!provide]                PROVIDE (__stack, __StackTop)
                0x00000001                ASSERT ((__StackLimit >= __HeapLimit), region ram  overflowed with stack)
LOAD ..\obj\spi_prog.o
LOAD ..\obj\stm32f10x_tim.o
LOAD ..\obj\system_stm32f10x.o
LOAD ..\obj\stm32f10x_gpio.o
LOAD ..\obj\system_init.o
LOAD ..\obj\main.o
LOAD ..\obj\stm32f10x_rcc.o
LOAD ..\obj\startup_stm32f10x_cl.o
LOAD ..\obj\stm32f10x_flash.o
LOAD ..\obj\stm32f10x_dma.o
LOAD ..\obj\misc.o
LOAD ..\obj\stm32f10x_spi.o
START GROUP
LOAD c:/program files (x86)/gnu tools arm embedded/5.4 2016q3/bin/../lib/gcc/arm-none-eabi/5.4.1/armv7-m\libgcc.a
LOAD c:/program files (x86)/gnu tools arm embedded/5.4 2016q3/bin/../lib/gcc/arm-none-eabi/5.4.1/../../../../arm-none-eabi/lib/armv7-m\libg.a
LOAD c:/program files (x86)/gnu tools arm embedded/5.4 2016q3/bin/../lib/gcc/arm-none-eabi/5.4.1/../../../../arm-none-eabi/lib/armv7-m\libc.a
END GROUP
OUTPUT(raw_spi.elf elf32-littlearm)

.debug_info     0x00000000     0x49df
 .debug_info    0x00000000      0x43a ..\obj\spi_prog.o
 .debug_info    0x0000043a     0x1c60 ..\obj\stm32f10x_tim.o
 .debug_info    0x0000209a      0x4f2 ..\obj\system_stm32f10x.o
 .debug_info    0x0000258c      0x6f6 ..\obj\stm32f10x_gpio.o
 .debug_info    0x00002c82      0x7d7 ..\obj\system_init.o
 .debug_info    0x00003459       0x3e ..\obj\main.o
 .debug_info    0x00003497      0xaa9 ..\obj\stm32f10x_rcc.o
 .debug_info    0x00003f40       0xee ..\obj\startup_stm32f10x_cl.o
 .debug_info    0x0000402e      0x9b1 ..\obj\stm32f10x_spi.o

.debug_abbrev   0x00000000      0xb59
 .debug_abbrev  0x00000000      0x161 ..\obj\spi_prog.o
 .debug_abbrev  0x00000161      0x1b2 ..\obj\stm32f10x_tim.o
 .debug_abbrev  0x00000313      0x14e ..\obj\system_stm32f10x.o
 .debug_abbrev  0x00000461      0x1cc ..\obj\stm32f10x_gpio.o
 .debug_abbrev  0x0000062d      0x112 ..\obj\system_init.o
 .debug_abbrev  0x0000073f       0x37 ..\obj\main.o
 .debug_abbrev  0x00000776      0x1bc ..\obj\stm32f10x_rcc.o
 .debug_abbrev  0x00000932       0xa7 ..\obj\startup_stm32f10x_cl.o
 .debug_abbrev  0x000009d9      0x180 ..\obj\stm32f10x_spi.o

.debug_aranges  0x00000000      0x6a0
 .debug_aranges
                0x00000000       0x38 ..\obj\spi_prog.o
 .debug_aranges
                0x00000038      0x2f0 ..\obj\stm32f10x_tim.o
 .debug_aranges
                0x00000328       0x38 ..\obj\system_stm32f10x.o
 .debug_aranges
                0x00000360       0xa8 ..\obj\stm32f10x_gpio.o
 .debug_aranges
                0x00000408       0x20 ..\obj\system_init.o
 .debug_aranges
                0x00000428       0x20 ..\obj\main.o
 .debug_aranges
                0x00000448      0x160 ..\obj\stm32f10x_rcc.o
 .debug_aranges
                0x000005a8       0x28 ..\obj\startup_stm32f10x_cl.o
 .debug_aranges
                0x000005d0       0xd0 ..\obj\stm32f10x_spi.o

.debug_ranges   0x00000000      0x610
 .debug_ranges  0x00000000       0x28 ..\obj\spi_prog.o
 .debug_ranges  0x00000028      0x2e0 ..\obj\stm32f10x_tim.o
 .debug_ranges  0x00000308       0x28 ..\obj\system_stm32f10x.o
 .debug_ranges  0x00000330       0x98 ..\obj\stm32f10x_gpio.o
 .debug_ranges  0x000003c8       0x10 ..\obj\system_init.o
 .debug_ranges  0x000003d8       0x10 ..\obj\main.o
 .debug_ranges  0x000003e8      0x150 ..\obj\stm32f10x_rcc.o
 .debug_ranges  0x00000538       0x18 ..\obj\startup_stm32f10x_cl.o
 .debug_ranges  0x00000550       0xc0 ..\obj\stm32f10x_spi.o

.debug_line     0x00000000     0x22d5
 .debug_line    0x00000000      0x2b4 ..\obj\spi_prog.o
 .debug_line    0x000002b4      0xb90 ..\obj\stm32f10x_tim.o
 .debug_line    0x00000e44      0x252 ..\obj\system_stm32f10x.o
 .debug_line    0x00001096      0x410 ..\obj\stm32f10x_gpio.o
 .debug_line    0x000014a6      0x2ba ..\obj\system_init.o
 .debug_line    0x00001760       0x81 ..\obj\main.o
 .debug_line    0x000017e1      0x5c7 ..\obj\stm32f10x_rcc.o
 .debug_line    0x00001da8       0xb1 ..\obj\startup_stm32f10x_cl.o
 .debug_line    0x00001e59      0x47c ..\obj\stm32f10x_spi.o

.debug_str      0x00000000     0x1d7d
 .debug_str     0x00000000      0x256 ..\obj\spi_prog.o
                                0x2c1 (size before relaxing)
 .debug_str     0x00000256      0xbcb ..\obj\stm32f10x_tim.o
                                0xdf4 (size before relaxing)
 .debug_str     0x00000e21      0x1bd ..\obj\system_stm32f10x.o
                                0x347 (size before relaxing)
 .debug_str     0x00000fde      0x376 ..\obj\stm32f10x_gpio.o
                                0x530 (size before relaxing)
 .debug_str     0x00001354      0x13d ..\obj\system_init.o
                                0x5ef (size before relaxing)
 .debug_str     0x00001491       0x4e ..\obj\main.o
                                 0xca (size before relaxing)
 .debug_str     0x000014df      0x4fe ..\obj\stm32f10x_rcc.o
                                0x779 (size before relaxing)
 .debug_str     0x000019dd       0xbf ..\obj\startup_stm32f10x_cl.o
                                0x156 (size before relaxing)
 .debug_str     0x00001a9c      0x2e1 ..\obj\stm32f10x_spi.o
                                0x661 (size before relaxing)

.comment        0x00000000       0x6e
 .comment       0x00000000       0x6e ..\obj\spi_prog.o
                                 0x6f (size before relaxing)
 .comment       0x0000006e       0x6f ..\obj\stm32f10x_tim.o
 .comment       0x0000006e       0x6f ..\obj\system_stm32f10x.o
 .comment       0x0000006e       0x6f ..\obj\stm32f10x_gpio.o
 .comment       0x0000006e       0x6f ..\obj\system_init.o
 .comment       0x0000006e       0x6f ..\obj\main.o
 .comment       0x0000006e       0x6f ..\obj\stm32f10x_rcc.o
 .comment       0x0000006e       0x6f ..\obj\startup_stm32f10x_cl.o
 .comment       0x0000006e       0x6f ..\obj\stm32f10x_spi.o

.ARM.attributes
                0x00000000       0x33
 .ARM.attributes
                0x00000000       0x33 ..\obj\spi_prog.o
 .ARM.attributes
                0x00000033       0x33 ..\obj\stm32f10x_tim.o
 .ARM.attributes
                0x00000066       0x33 ..\obj\system_stm32f10x.o
 .ARM.attributes
                0x00000099       0x33 ..\obj\stm32f10x_gpio.o
 .ARM.attributes
                0x000000cc       0x33 ..\obj\system_init.o
 .ARM.attributes
                0x000000ff       0x33 ..\obj\main.o
 .ARM.attributes
                0x00000132       0x33 ..\obj\stm32f10x_rcc.o
 .ARM.attributes
                0x00000165       0x33 ..\obj\startup_stm32f10x_cl.o
 .ARM.attributes
                0x00000198       0x33 ..\obj\stm32f10x_spi.o
 .ARM.attributes
                0x000001cb       0x1d c:/program files (x86)/gnu tools arm embedded/5.4 2016q3/bin/../lib/gcc/arm-none-eabi/5.4.1/armv7-m\libgcc.a(_arm_addsubdf3.o)
 .ARM.attributes
                0x000001e8       0x1d c:/program files (x86)/gnu tools arm embedded/5.4 2016q3/bin/../lib/gcc/arm-none-eabi/5.4.1/armv7-m\libgcc.a(_arm_muldivdf3.o)
 .ARM.attributes
                0x00000205       0x1d c:/program files (x86)/gnu tools arm embedded/5.4 2016q3/bin/../lib/gcc/arm-none-eabi/5.4.1/armv7-m\libgcc.a(_arm_truncdfsf2.o)
 .ARM.attributes
                0x00000222       0x1d c:/program files (x86)/gnu tools arm embedded/5.4 2016q3/bin/../lib/gcc/arm-none-eabi/5.4.1/armv7-m\libgcc.a(_arm_addsubsf3.o)

.debug_frame    0x00000000     0x1cd8
 .debug_frame   0x00000000       0x9c ..\obj\spi_prog.o
 .debug_frame   0x0000009c      0xe2c ..\obj\stm32f10x_tim.o
 .debug_frame   0x00000ec8       0x98 ..\obj\system_stm32f10x.o
 .debug_frame   0x00000f60      0x2d0 ..\obj\stm32f10x_gpio.o
 .debug_frame   0x00001230       0x34 ..\obj\system_init.o
 .debug_frame   0x00001264       0x2c ..\obj\main.o
 .debug_frame   0x00001290      0x65c ..\obj\stm32f10x_rcc.o
 .debug_frame   0x000018ec       0x4c ..\obj\startup_stm32f10x_cl.o
 .debug_frame   0x00001938      0x3a0 ..\obj\stm32f10x_spi.o
